// Jest Snapshot v1, https://goo.gl/fbAQLP

exports[`Create Article Page Create Article Page renders the create article component correctly 1`] = `ShallowWrapper {}`;
