// Jest Snapshot v1, https://goo.gl/fbAQLP

exports[`Render component should render correctly in "debug" mode 1`] = `ReactWrapper {}`;
