// Jest Snapshot v1, https://goo.gl/fbAQLP

exports[`renders the Notificationcomponent correctly 1`] = `ShallowWrapper {}`;
