// Jest Snapshot v1, https://goo.gl/fbAQLP

exports[`Report article form  should render report article successfully 1`] = `ReactWrapper {}`;
